// Jest Snapshot v1, https://goo.gl/fbAQLP

exports[`Heading  renders correctly 1`] = `
<h1
  className=""
  color="black"
  size="big"
>
  Not
</h1>
`;
